src/app/match/page.test.tsx(1,52): error TS2307: Cannot find module '@testing-library/react' or its corresponding type declarations.
src/app/match/page.test.tsx(7,1): error TS2582: Cannot find name 'describe'. Do you need to install type definitions for a test runner? Try `npm i --save-dev @types/jest` or `npm i --save-dev @types/mocha`.
src/app/match/page.test.tsx(8,3): error TS2582: Cannot find name 'it'. Do you need to install type definitions for a test runner? Try `npm i --save-dev @types/jest` or `npm i --save-dev @types/mocha`.
src/app/match/page.test.tsx(12,5): error TS2304: Cannot find name 'expect'.
src/app/match/page.test.tsx(22,7): error TS2304: Cannot find name 'expect'.
src/app/search/page.test.tsx(1,43): error TS2307: Cannot find module '@testing-library/react' or its corresponding type declarations.
src/app/search/page.test.tsx(4,1): error TS2582: Cannot find name 'describe'. Do you need to install type definitions for a test runner? Try `npm i --save-dev @types/jest` or `npm i --save-dev @types/mocha`.
src/app/search/page.test.tsx(5,3): error TS2582: Cannot find name 'it'. Do you need to install type definitions for a test runner? Try `npm i --save-dev @types/jest` or `npm i --save-dev @types/mocha`.
src/app/search/page.test.tsx(15,5): error TS2304: Cannot find name 'expect'.
src/app/search/page.test.tsx(16,5): error TS2304: Cannot find name 'expect'.
src/app/search/page.test.tsx(19,3): error TS2582: Cannot find name 'it'. Do you need to install type definitions for a test runner? Try `npm i --save-dev @types/jest` or `npm i --save-dev @types/mocha`.
src/app/search/page.test.tsx(25,5): error TS2304: Cannot find name 'expect'.
src/components/onboarding/Questionnaire.test.tsx(1,43): error TS2307: Cannot find module '@testing-library/react' or its corresponding type declarations.
src/components/onboarding/Questionnaire.test.tsx(4,1): error TS2582: Cannot find name 'describe'. Do you need to install type definitions for a test runner? Try `npm i --save-dev @types/jest` or `npm i --save-dev @types/mocha`.
src/components/onboarding/Questionnaire.test.tsx(5,3): error TS2582: Cannot find name 'it'. Do you need to install type definitions for a test runner? Try `npm i --save-dev @types/jest` or `npm i --save-dev @types/mocha`.
src/components/onboarding/Questionnaire.test.tsx(7,5): error TS2304: Cannot find name 'expect'.
src/components/onboarding/Questionnaire.test.tsx(10,3): error TS2582: Cannot find name 'it'. Do you need to install type definitions for a test runner? Try `npm i --save-dev @types/jest` or `npm i --save-dev @types/mocha`.
src/components/onboarding/Questionnaire.test.tsx(22,5): error TS2304: Cannot find name 'expect'.
src/components/onboarding/Questionnaire.test.tsx(25,3): error TS2582: Cannot find name 'it'. Do you need to install type definitions for a test runner? Try `npm i --save-dev @types/jest` or `npm i --save-dev @types/mocha`.
src/components/onboarding/Questionnaire.test.tsx(48,5): error TS2304: Cannot find name 'expect'.
src/components/ui/Button.test.tsx(1,43): error TS2307: Cannot find module '@testing-library/react' or its corresponding type declarations.
src/components/ui/Button.test.tsx(4,1): error TS2582: Cannot find name 'describe'. Do you need to install type definitions for a test runner? Try `npm i --save-dev @types/jest` or `npm i --save-dev @types/mocha`.
src/components/ui/Button.test.tsx(5,3): error TS2582: Cannot find name 'it'. Do you need to install type definitions for a test runner? Try `npm i --save-dev @types/jest` or `npm i --save-dev @types/mocha`.
src/components/ui/Button.test.tsx(7,5): error TS2304: Cannot find name 'expect'.
src/components/ui/Button.test.tsx(10,3): error TS2582: Cannot find name 'it'. Do you need to install type definitions for a test runner? Try `npm i --save-dev @types/jest` or `npm i --save-dev @types/mocha`.
src/components/ui/Button.test.tsx(11,25): error TS2304: Cannot find name 'jest'.
src/components/ui/Button.test.tsx(14,5): error TS2304: Cannot find name 'expect'.
src/components/ui/Button.test.tsx(17,3): error TS2582: Cannot find name 'it'. Do you need to install type definitions for a test runner? Try `npm i --save-dev @types/jest` or `npm i --save-dev @types/mocha`.
src/components/ui/Button.test.tsx(19,5): error TS2304: Cannot find name 'expect'.
src/components/ui/Button.test.tsx(22,3): error TS2582: Cannot find name 'it'. Do you need to install type definitions for a test runner? Try `npm i --save-dev @types/jest` or `npm i --save-dev @types/mocha`.
src/components/ui/Button.test.tsx(24,5): error TS2304: Cannot find name 'expect'.
